// Jest Snapshot v1, https://goo.gl/fbAQLP

exports[`Snapshot 1`] = `
[MockFunction add42] {
  "calls": Array [
    Array [
      1,
    ],
  ],
  "results": Array [
    Object {
      "type": "return",
      "value": 43,
    },
  ],
}
`;
